.,à,0.5000,perché,0.5000
à,?,1
?,ö,0.5000,!,0.5000
ö,ø,0.5000,!,0.5000
ø,?,0.5000,ÿ,0.5000
!,ö,0.5000,ø,0.5000
ÿ,ß,1
ß,.,1
perché,à,1
