'ciao,andiamo',1
'domani,'ciao,1
'ok,prova',1
.,'domani,1
andiamo',simone',1
prova','domani,1
simone','ok,1