.,ciao,0.5
ciao,!,1
!,!,0.75,?,0.25
?,?,0.5,è,0.5
è,è,0.6666,ciao,0.3333
